Archive member included to satisfy reference by file (symbol)

/opt/st/stm32cubeide_1.14.0/plugins/com.st.stm32cube.ide.mcu.externaltools.gnu-tools-for-stm32.11.3.rel1.linux64_1.1.100.202309141235/tools/bin/../lib/gcc/arm-none-eabi/11.3.1/../../../../arm-none-eabi/lib/thumb/v7e-m+fp/hard/libc_nano.a(libc_a-exit.o)
                              /opt/st/stm32cubeide_1.14.0/plugins/com.st.stm32cube.ide.mcu.externaltools.gnu-tools-for-stm32.11.3.rel1.linux64_1.1.100.202309141235/tools/bin/../lib/gcc/arm-none-eabi/11.3.1/../../../../arm-none-eabi/lib/thumb/v7e-m+fp/hard/crt0.o (exit)
/opt/st/stm32cubeide_1.14.0/plugins/com.st.stm32cube.ide.mcu.externaltools.gnu-tools-for-stm32.11.3.rel1.linux64_1.1.100.202309141235/tools/bin/../lib/gcc/arm-none-eabi/11.3.1/../../../../arm-none-eabi/lib/thumb/v7e-m+fp/hard/libc_nano.a(libc_a-findfp.o)
                              /opt/st/stm32cubeide_1.14.0/plugins/com.st.stm32cube.ide.mcu.externaltools.gnu-tools-for-stm32.11.3.rel1.linux64_1.1.100.202309141235/tools/bin/../lib/gcc/arm-none-eabi/11.3.1/../../../../arm-none-eabi/lib/thumb/v7e-m+fp/hard/libc_nano.a(libc_a-exit.o) (__stdio_exit_handler)
/opt/st/stm32cubeide_1.14.0/plugins/com.st.stm32cube.ide.mcu.externaltools.gnu-tools-for-stm32.11.3.rel1.linux64_1.1.100.202309141235/tools/bin/../lib/gcc/arm-none-eabi/11.3.1/../../../../arm-none-eabi/lib/thumb/v7e-m+fp/hard/libc_nano.a(libc_a-fwalk.o)
                              /opt/st/stm32cubeide_1.14.0/plugins/com.st.stm32cube.ide.mcu.externaltools.gnu-tools-for-stm32.11.3.rel1.linux64_1.1.100.202309141235/tools/bin/../lib/gcc/arm-none-eabi/11.3.1/../../../../arm-none-eabi/lib/thumb/v7e-m+fp/hard/libc_nano.a(libc_a-findfp.o) (_fwalk_sglue)
/opt/st/stm32cubeide_1.14.0/plugins/com.st.stm32cube.ide.mcu.externaltools.gnu-tools-for-stm32.11.3.rel1.linux64_1.1.100.202309141235/tools/bin/../lib/gcc/arm-none-eabi/11.3.1/../../../../arm-none-eabi/lib/thumb/v7e-m+fp/hard/libc_nano.a(libc_a-stdio.o)
                              /opt/st/stm32cubeide_1.14.0/plugins/com.st.stm32cube.ide.mcu.externaltools.gnu-tools-for-stm32.11.3.rel1.linux64_1.1.100.202309141235/tools/bin/../lib/gcc/arm-none-eabi/11.3.1/../../../../arm-none-eabi/lib/thumb/v7e-m+fp/hard/libc_nano.a(libc_a-findfp.o) (__sread)
/opt/st/stm32cubeide_1.14.0/plugins/com.st.stm32cube.ide.mcu.externaltools.gnu-tools-for-stm32.11.3.rel1.linux64_1.1.100.202309141235/tools/bin/../lib/gcc/arm-none-eabi/11.3.1/../../../../arm-none-eabi/lib/thumb/v7e-m+fp/hard/libc_nano.a(libc_a-memset.o)
                              /opt/st/stm32cubeide_1.14.0/plugins/com.st.stm32cube.ide.mcu.externaltools.gnu-tools-for-stm32.11.3.rel1.linux64_1.1.100.202309141235/tools/bin/../lib/gcc/arm-none-eabi/11.3.1/../../../../arm-none-eabi/lib/thumb/v7e-m+fp/hard/crt0.o (memset)
/opt/st/stm32cubeide_1.14.0/plugins/com.st.stm32cube.ide.mcu.externaltools.gnu-tools-for-stm32.11.3.rel1.linux64_1.1.100.202309141235/tools/bin/../lib/gcc/arm-none-eabi/11.3.1/../../../../arm-none-eabi/lib/thumb/v7e-m+fp/hard/libc_nano.a(libc_a-closer.o)
                              /opt/st/stm32cubeide_1.14.0/plugins/com.st.stm32cube.ide.mcu.externaltools.gnu-tools-for-stm32.11.3.rel1.linux64_1.1.100.202309141235/tools/bin/../lib/gcc/arm-none-eabi/11.3.1/../../../../arm-none-eabi/lib/thumb/v7e-m+fp/hard/libc_nano.a(libc_a-stdio.o) (_close_r)
/opt/st/stm32cubeide_1.14.0/plugins/com.st.stm32cube.ide.mcu.externaltools.gnu-tools-for-stm32.11.3.rel1.linux64_1.1.100.202309141235/tools/bin/../lib/gcc/arm-none-eabi/11.3.1/../../../../arm-none-eabi/lib/thumb/v7e-m+fp/hard/libc_nano.a(libc_a-reent.o)
                              /opt/st/stm32cubeide_1.14.0/plugins/com.st.stm32cube.ide.mcu.externaltools.gnu-tools-for-stm32.11.3.rel1.linux64_1.1.100.202309141235/tools/bin/../lib/gcc/arm-none-eabi/11.3.1/../../../../arm-none-eabi/lib/thumb/v7e-m+fp/hard/libc_nano.a(libc_a-closer.o) (errno)
/opt/st/stm32cubeide_1.14.0/plugins/com.st.stm32cube.ide.mcu.externaltools.gnu-tools-for-stm32.11.3.rel1.linux64_1.1.100.202309141235/tools/bin/../lib/gcc/arm-none-eabi/11.3.1/../../../../arm-none-eabi/lib/thumb/v7e-m+fp/hard/libc_nano.a(libc_a-impure.o)
                              /opt/st/stm32cubeide_1.14.0/plugins/com.st.stm32cube.ide.mcu.externaltools.gnu-tools-for-stm32.11.3.rel1.linux64_1.1.100.202309141235/tools/bin/../lib/gcc/arm-none-eabi/11.3.1/../../../../arm-none-eabi/lib/thumb/v7e-m+fp/hard/libc_nano.a(libc_a-reent.o) (_impure_ptr)
/opt/st/stm32cubeide_1.14.0/plugins/com.st.stm32cube.ide.mcu.externaltools.gnu-tools-for-stm32.11.3.rel1.linux64_1.1.100.202309141235/tools/bin/../lib/gcc/arm-none-eabi/11.3.1/../../../../arm-none-eabi/lib/thumb/v7e-m+fp/hard/libc_nano.a(libc_a-lseekr.o)
                              /opt/st/stm32cubeide_1.14.0/plugins/com.st.stm32cube.ide.mcu.externaltools.gnu-tools-for-stm32.11.3.rel1.linux64_1.1.100.202309141235/tools/bin/../lib/gcc/arm-none-eabi/11.3.1/../../../../arm-none-eabi/lib/thumb/v7e-m+fp/hard/libc_nano.a(libc_a-stdio.o) (_lseek_r)
[...]
Memory Configuration

Name             Origin             Length             Attributes
RAM              0x0000000020000000 0x0000000000050000 xrw
RAM2             0x0000000010000000 0x0000000000010000 xrw
FLASH            0x0000000008000000 0x0000000000100000 xr
*default*        0x0000000000000000 0xffffffffffffffff

Linker script and memory map

LOAD /opt/st/stm32cubeide_1.14.0/plugins/com.st.stm32cube.ide.mcu.externaltools.gnu-tools-for-stm32.11.3.rel1.linux64_1.1.100.202309141235/tools/bin/../lib/gcc/arm-none-eabi/11.3.1/thumb/v7e-m+fp/hard/crti.o
LOAD /opt/st/stm32cubeide_1.14.0/plugins/com.st.stm32cube.ide.mcu.externaltools.gnu-tools-for-stm32.11.3.rel1.linux64_1.1.100.202309141235/tools/bin/../lib/gcc/arm-none-eabi/11.3.1/thumb/v7e-m+fp/hard/crtbegin.o
LOAD /opt/st/stm32cubeide_1.14.0/plugins/com.st.stm32cube.ide.mcu.externaltools.gnu-tools-for-stm32.11.3.rel1.linux64_1.1.100.202309141235/tools/bin/../lib/gcc/arm-none-eabi/11.3.1/../../../../arm-none-eabi/lib/thumb/v7e-m+fp/hard/crt0.o
LOAD ./Core/Src/7SegDisplayDriver.o
LOAD ./Core/Src/JoystickDriver.o
LOAD ./Core/Src/hulk.o
LOAD ./Core/Src/main.o
LOAD ./Core/Src/stm32l4xx_hal_msp.o
LOAD ./Core/Src/stm32l4xx_it.o
LOAD ./Core/Src/syscalls.o
LOAD ./Core/Src/sysmem.o
LOAD ./Core/Src/system_stm32l4xx.o
LOAD ./Core/Src/utils.o
LOAD ./Core/Startup/startup_stm32l496zgtx.o
LOAD ./Drivers/STM32L4xx_HAL_Driver/Src/stm32l4xx_hal.o
LOAD ./Drivers/STM32L4xx_HAL_Driver/Src/stm32l4xx_hal_cortex.o
LOAD ./Drivers/STM32L4xx_HAL_Driver/Src/stm32l4xx_hal_dma.o
LOAD ./Drivers/STM32L4xx_HAL_Driver/Src/stm32l4xx_hal_dma_ex.o
LOAD ./Drivers/STM32L4xx_HAL_Driver/Src/stm32l4xx_hal_exti.o
LOAD ./Drivers/STM32L4xx_HAL_Driver/Src/stm32l4xx_hal_flash.o
LOAD ./Drivers/STM32L4xx_HAL_Driver/Src/stm32l4xx_hal_flash_ex.o
LOAD ./Drivers/STM32L4xx_HAL_Driver/Src/stm32l4xx_hal_flash_ramfunc.o
LOAD ./Drivers/STM32L4xx_HAL_Driver/Src/stm32l4xx_hal_gpio.o
LOAD ./Drivers/STM32L4xx_HAL_Driver/Src/stm32l4xx_hal_i2c.o
LOAD ./Drivers/STM32L4xx_HAL_Driver/Src/stm32l4xx_hal_i2c_ex.o
LOAD ./Drivers/STM32L4xx_HAL_Driver/Src/stm32l4xx_hal_pwr.o
LOAD ./Drivers/STM32L4xx_HAL_Driver/Src/stm32l4xx_hal_pwr_ex.o
LOAD ./Drivers/STM32L4xx_HAL_Driver/Src/stm32l4xx_hal_rcc.o
LOAD ./Drivers/STM32L4xx_HAL_Driver/Src/stm32l4xx_hal_rcc_ex.o
START GROUP
LOAD /opt/st/stm32cubeide_1.14.0/plugins/com.st.stm32cube.ide.mcu.externaltools.gnu-tools-for-stm32.11.3.rel1.linux64_1.1.100.202309141235/tools/bin/../lib/gcc/arm-none-eabi/11.3.1/../../../../arm-none-eabi/lib/thumb/v7e-m+fp/hard/libc_nano.a
LOAD /opt/st/stm32cubeide_1.14.0/plugins/com.st.stm32cube.ide.mcu.externaltools.gnu-tools-for-stm32.11.3.rel1.linux64_1.1.100.202309141235/tools/bin/../lib/gcc/arm-none-eabi/11.3.1/../../../../arm-none-eabi/lib/thumb/v7e-m+fp/hard/libm.a
END GROUP
START GROUP
LOAD /opt/st/stm32cubeide_1.14.0/plugins/com.st.stm32cube.ide.mcu.externaltools.gnu-tools-for-stm32.11.3.rel1.linux64_1.1.100.202309141235/tools/bin/../lib/gcc/arm-none-eabi/11.3.1/thumb/v7e-m+fp/hard/libgcc.a
LOAD /opt/st/stm32cubeide_1.14.0/plugins/com.st.stm32cube.ide.mcu.externaltools.gnu-tools-for-stm32.11.3.rel1.linux64_1.1.100.202309141235/tools/bin/../lib/gcc/arm-none-eabi/11.3.1/../../../../arm-none-eabi/lib/thumb/v7e-m+fp/hard/libc_nano.a
END GROUP
START GROUP
LOAD /opt/st/stm32cubeide_1.14.0/plugins/com.st.stm32cube.ide.mcu.externaltools.gnu-tools-for-stm32.11.3.rel1.linux64_1.1.100.202309141235/tools/bin/../lib/gcc/arm-none-eabi/11.3.1/thumb/v7e-m+fp/hard/libgcc.a
LOAD /opt/st/stm32cubeide_1.14.0/plugins/com.st.stm32cube.ide.mcu.externaltools.gnu-tools-for-stm32.11.3.rel1.linux64_1.1.100.202309141235/tools/bin/../lib/gcc/arm-none-eabi/11.3.1/../../../../arm-none-eabi/lib/thumb/v7e-m+fp/hard/libc_nano.a
LOAD /opt/st/stm32cubeide_1.14.0/plugins/com.st.stm32cube.ide.mcu.externaltools.gnu-tools-for-stm32.11.3.rel1.linux64_1.1.100.202309141235/tools/bin/../lib/gcc/arm-none-eabi/11.3.1/../../../../arm-none-eabi/lib/thumb/v7e-m+fp/hard/libnosys.a
END GROUP
START GROUP
LOAD /opt/st/stm32cubeide_1.14.0/plugins/com.st.stm32cube.ide.mcu.externaltools.gnu-tools-for-stm32.11.3.rel1.linux64_1.1.100.202309141235/tools/bin/../lib/gcc/arm-none-eabi/11.3.1/thumb/v7e-m+fp/hard/libgcc.a
LOAD /opt/st/stm32cubeide_1.14.0/plugins/com.st.stm32cube.ide.mcu.externaltools.gnu-tools-for-stm32.11.3.rel1.linux64_1.1.100.202309141235/tools/bin/../lib/gcc/arm-none-eabi/11.3.1/../../../../arm-none-eabi/lib/thumb/v7e-m+fp/hard/libc_nano.a
LOAD /opt/st/stm32cubeide_1.14.0/plugins/com.st.stm32cube.ide.mcu.externaltools.gnu-tools-for-stm32.11.3.rel1.linux64_1.1.100.202309141235/tools/bin/../lib/gcc/arm-none-eabi/11.3.1/../../../../arm-none-eabi/lib/thumb/v7e-m+fp/hard/libnosys.a
END GROUP
LOAD /opt/st/stm32cubeide_1.14.0/plugins/com.st.stm32cube.ide.mcu.externaltools.gnu-tools-for-stm32.11.3.rel1.linux64_1.1.100.202309141235/tools/bin/../lib/gcc/arm-none-eabi/11.3.1/thumb/v7e-m+fp/hard/crtend.o
LOAD /opt/st/stm32cubeide_1.14.0/plugins/com.st.stm32cube.ide.mcu.externaltools.gnu-tools-for-stm32.11.3.rel1.linux64_1.1.100.202309141235/tools/bin/../lib/gcc/arm-none-eabi/11.3.1/thumb/v7e-m+fp/hard/crtn.o
                0x0000000020050000                _estack = (ORIGIN (RAM) + LENGTH (RAM))
                0x0000000000000200                _Min_Heap_Size = 0x200
                0x0000000000000400                _Min_Stack_Size = 0x400

.isr_vector     0x0000000008000000      0x1ac
                0x0000000008000000                . = ALIGN (0x4)
 *(.isr_vector)
 .isr_vector    0x0000000008000000      0x1ac ./Core/Startup/startup_stm32l496zgtx.o
                0x0000000008000000                g_pfnVectors
                0x00000000080001ac                . = ALIGN (0x4)

.text           0x00000000080001ac     0x183c
                0x00000000080001ac                . = ALIGN (0x4)
 *(.text)
 .text          0x00000000080001ac       0x40 /opt/st/stm32cubeide_1.14.0/plugins/com.st.stm32cube.ide.mcu.externaltools.gnu-tools-for-stm32.11.3.rel1.linux64_1.1.100.202309141235/tools/bin/../lib/gcc/arm-none-eabi/11.3.1/thumb/v7e-m+fp/hard/crtbegin.o
 *(.text*)
 .text.DIGIT_init
                0x00000000080001ec       0x84 ./Core/Src/7SegDisplayDriver.o
                0x00000000080001ec                DIGIT_init
 .text.turn_off_full_segment
                0x0000000008000270       0x18 ./Core/Src/7SegDisplayDriver.o
                0x0000000008000270                turn_off_full_segment
 .text.display_number
                0x0000000008000288       0xa4 ./Core/Src/7SegDisplayDriver.o
                0x0000000008000288                display_number
 .text.JOY_STICK_init
                0x000000000800032c       0x5c ./Core/Src/JoystickDriver.o
                0x000000000800032c                JOY_STICK_init
 .text.joy_input_checker
                0x0000000008000388       0x6c ./Core/Src/JoystickDriver.o
                0x0000000008000388                joy_input_checker
 .text.GPIO_init
                0x00000000080003f4       0xf4 ./Core/Src/hulk.o
                0x00000000080003f4                GPIO_init
 .text.TIM_init
                0x00000000080004e8      0x10a ./Core/Src/hulk.o
                0x00000000080004e8                TIM_init
 .text.turn_on_pin
                0x00000000080005f2       0x1e ./Core/Src/hulk.o
                0x00000000080005f2                turn_on_pin
 .text.turn_off_pin
                0x0000000008000610       0x1e ./Core/Src/hulk.o
                0x0000000008000610                turn_off_pin
 .text.read_pin
                0x000000000800062e       0x2a ./Core/Src/hulk.o
                0x000000000800062e                read_pin
 .text.check_flag
                0x0000000008000658       0x26 ./Core/Src/hulk.o
                0x0000000008000658                check_flag
 .text.clear_flag
                0x000000000800067e       0x20 ./Core/Src/hulk.o
                0x000000000800067e                clear_flag
 *fill*         0x000000000800069e        0x2 
 .text.start_timer
                0x00000000080006a0       0x20 ./Core/Src/hulk.o
                0x00000000080006a0                start_timer
 .text.basic_TIM6_init
                0x00000000080006c0       0x60 ./Core/Src/hulk.o
                0x00000000080006c0                basic_TIM6_init
 .text.HULK_delay
                0x0000000008000720       0x40 ./Core/Src/hulk.o
                0x0000000008000720                HULK_delay
 .text.main     0x0000000008000760       0x90 ./Core/Src/main.o
                0x0000000008000760                main
 .text.SystemClock_Config
                0x00000000080007f0       0x8c ./Core/Src/main.o
                0x00000000080007f0                SystemClock_Config
 .text.MX_GPIO_Init
                0x000000000800087c       0x10 ./Core/Src/main.o
 .text.Error_Handler
                0x000000000800088c        0xe ./Core/Src/main.o
                0x000000000800088c                Error_Handler
 *fill*         0x000000000800089a        0x2 
 .text.HAL_MspInit
                0x000000000800089c       0x48 ./Core/Src/stm32l4xx_hal_msp.o
                0x000000000800089c                HAL_MspInit
 .text.NMI_Handler
                0x00000000080008e4        0x6 ./Core/Src/stm32l4xx_it.o
                0x00000000080008e4                NMI_Handler
 .text.HardFault_Handler
                0x00000000080008ea        0x6 ./Core/Src/stm32l4xx_it.o
                0x00000000080008ea                HardFault_Handler
 .text.MemManage_Handler
                0x00000000080008f0        0x6 ./Core/Src/stm32l4xx_it.o
                0x00000000080008f0                MemManage_Handler
 .text.BusFault_Handler
                0x00000000080008f6        0x6 ./Core/Src/stm32l4xx_it.o
                0x00000000080008f6                BusFault_Handler
 .text.UsageFault_Handler
                0x00000000080008fc        0x6 ./Core/Src/stm32l4xx_it.o
                0x00000000080008fc                UsageFault_Handler
 .text.SVC_Handler
                0x0000000008000902        0xe ./Core/Src/stm32l4xx_it.o
                0x0000000008000902                SVC_Handler
 .text.DebugMon_Handler
                0x0000000008000910        0xe ./Core/Src/stm32l4xx_it.o
                0x0000000008000910                DebugMon_Handler
 .text.PendSV_Handler
                0x000000000800091e        0xe ./Core/Src/stm32l4xx_it.o
                0x000000000800091e                PendSV_Handler
 .text.SysTick_Handler
                0x000000000800092c        0xc ./Core/Src/stm32l4xx_it.o
                0x000000000800092c                SysTick_Handler
 .text.SystemInit
                0x0000000008000938       0x24 ./Core/Src/system_stm32l4xx.o
                0x0000000008000938                SystemInit
 .text.turn_on_pin_struct
                0x000000000800095c       0x20 ./Core/Src/utils.o
                0x000000000800095c                turn_on_pin_struct
 .text.turn_off_pin_struct
                0x000000000800097c       0x20 ./Core/Src/utils.o
                0x000000000800097c                turn_off_pin_struct
 .text.Reset_Handler
                0x000000000800099c       0x50 ./Core/Startup/startup_stm32l496zgtx.o
                0x000000000800099c                Reset_Handler
 .text.Default_Handler
                0x00000000080009ec        0x2 ./Core/Startup/startup_stm32l496zgtx.o
                0x00000000080009ec                RTC_Alarm_IRQHandler
                0x00000000080009ec                EXTI2_IRQHandler
                0x00000000080009ec                TIM8_TRG_COM_IRQHandler
                0x00000000080009ec                TIM8_CC_IRQHandler
                0x00000000080009ec                TIM1_CC_IRQHandler
                0x00000000080009ec                TSC_IRQHandler
                0x00000000080009ec                TAMP_STAMP_IRQHandler
                0x00000000080009ec                CAN2_RX1_IRQHandler
                0x00000000080009ec                EXTI3_IRQHandler
                0x00000000080009ec                LPTIM2_IRQHandler
                0x00000000080009ec                DFSDM1_FLT1_IRQHandler
                0x00000000080009ec                I2C3_ER_IRQHandler
                0x00000000080009ec                DFSDM1_FLT2_IRQHandler
                0x00000000080009ec                EXTI0_IRQHandler
                0x00000000080009ec                I2C2_EV_IRQHandler
                0x00000000080009ec                CAN1_RX0_IRQHandler
                0x00000000080009ec                FPU_IRQHandler
                0x00000000080009ec                TIM1_UP_TIM16_IRQHandler
                0x00000000080009ec                CAN2_SCE_IRQHandler
                0x00000000080009ec                ADC1_2_IRQHandler
                0x00000000080009ec                SPI1_IRQHandler
                0x00000000080009ec                TIM6_DAC_IRQHandler
                0x00000000080009ec                DCMI_IRQHandler
                0x00000000080009ec                CAN2_RX0_IRQHandler
                0x00000000080009ec                TIM8_UP_IRQHandler
                0x00000000080009ec                DMA2_Channel2_IRQHandler
                0x00000000080009ec                DMA1_Channel4_IRQHandler
                0x00000000080009ec                SAI2_IRQHandler
                0x00000000080009ec                DFSDM1_FLT3_IRQHandler
                0x00000000080009ec                USART3_IRQHandler
                0x00000000080009ec                DMA1_Channel7_IRQHandler
                0x00000000080009ec                CAN1_RX1_IRQHandler
                0x00000000080009ec                LCD_IRQHandler
                0x00000000080009ec                UART5_IRQHandler
                0x00000000080009ec                ADC3_IRQHandler
                0x00000000080009ec                TIM4_IRQHandler
                0x00000000080009ec                DMA2_Channel1_IRQHandler
                0x00000000080009ec                QUADSPI_IRQHandler
                0x00000000080009ec                I2C1_EV_IRQHandler
                0x00000000080009ec                DMA1_Channel6_IRQHandler
                0x00000000080009ec                UART4_IRQHandler
                0x00000000080009ec                DMA2_Channel4_IRQHandler
                0x00000000080009ec                TIM3_IRQHandler
                0x00000000080009ec                RCC_IRQHandler
                0x00000000080009ec                DMA1_Channel1_IRQHandler
                0x00000000080009ec                Default_Handler
                0x00000000080009ec                DMA2_Channel7_IRQHandler
                0x00000000080009ec                EXTI15_10_IRQHandler
                0x00000000080009ec                TIM7_IRQHandler
                0x00000000080009ec                SDMMC1_IRQHandler
                0x00000000080009ec                CAN2_TX_IRQHandler
                0x00000000080009ec                TIM5_IRQHandler
                0x00000000080009ec                I2C3_EV_IRQHandler
                0x00000000080009ec                EXTI9_5_IRQHandler
                0x00000000080009ec                RTC_WKUP_IRQHandler
                0x00000000080009ec                PVD_PVM_IRQHandler
                0x00000000080009ec                SPI2_IRQHandler
                0x00000000080009ec                CAN1_TX_IRQHandler
                0x00000000080009ec                DMA2_Channel5_IRQHandler
                0x00000000080009ec                CRS_IRQHandler
                0x00000000080009ec                DMA1_Channel5_IRQHandler
                0x00000000080009ec                EXTI4_IRQHandler
                0x00000000080009ec                RNG_IRQHandler
                0x00000000080009ec                TIM1_TRG_COM_TIM17_IRQHandler
                0x00000000080009ec                DMA1_Channel3_IRQHandler
                0x00000000080009ec                COMP_IRQHandler
                0x00000000080009ec                WWDG_IRQHandler
                0x00000000080009ec                I2C4_EV_IRQHandler
                0x00000000080009ec                LPUART1_IRQHandler
                0x00000000080009ec                DMA2_Channel6_IRQHandler
                0x00000000080009ec                TIM2_IRQHandler
                0x00000000080009ec                EXTI1_IRQHandler
                0x00000000080009ec                USART2_IRQHandler
                0x00000000080009ec                DFSDM1_FLT0_IRQHandler
                0x00000000080009ec                I2C2_ER_IRQHandler
                0x00000000080009ec                DMA1_Channel2_IRQHandler
                0x00000000080009ec                TIM8_BRK_IRQHandler
                0x00000000080009ec                CAN1_SCE_IRQHandler
                0x00000000080009ec                FLASH_IRQHandler
                0x00000000080009ec                USART1_IRQHandler
                0x00000000080009ec                OTG_FS_IRQHandler
                0x00000000080009ec                SPI3_IRQHandler
                0x00000000080009ec                I2C1_ER_IRQHandler
                0x00000000080009ec                FMC_IRQHandler
                0x00000000080009ec                SWPMI1_IRQHandler
                0x00000000080009ec                LPTIM1_IRQHandler
                0x00000000080009ec                I2C4_ER_IRQHandler
                0x00000000080009ec                SAI1_IRQHandler
                0x00000000080009ec                DMA2_Channel3_IRQHandler
                0x00000000080009ec                TIM1_BRK_TIM15_IRQHandler
 .text.HAL_Init
                0x00000000080009ee       0x30 ./Drivers/STM32L4xx_HAL_Driver/Src/stm32l4xx_hal.o
                0x00000000080009ee                HAL_Init
 *fill*         0x0000000008000a1e        0x2 
 .text.HAL_InitTick
                0x0000000008000a20       0x78 ./Drivers/STM32L4xx_HAL_Driver/Src/stm32l4xx_hal.o
                0x0000000008000a20                HAL_InitTick
 .text.HAL_IncTick
                0x0000000008000a98       0x28 ./Drivers/STM32L4xx_HAL_Driver/Src/stm32l4xx_hal.o
                0x0000000008000a98                HAL_IncTick
 .text.HAL_GetTick
                0x0000000008000ac0       0x18 ./Drivers/STM32L4xx_HAL_Driver/Src/stm32l4xx_hal.o
                0x0000000008000ac0                HAL_GetTick
 .text.__NVIC_SetPriorityGrouping
                0x0000000008000ad8       0x48 ./Drivers/STM32L4xx_HAL_Driver/Src/stm32l4xx_hal_cortex.o
 .text.__NVIC_GetPriorityGrouping
                0x0000000008000b20       0x1c ./Drivers/STM32L4xx_HAL_Driver/Src/stm32l4xx_hal_cortex.o
 .text.__NVIC_SetPriority
                0x0000000008000b3c       0x54 ./Drivers/STM32L4xx_HAL_Driver/Src/stm32l4xx_hal_cortex.o
 .text.NVIC_EncodePriority
                0x0000000008000b90       0x66 ./Drivers/STM32L4xx_HAL_Driver/Src/stm32l4xx_hal_cortex.o
 *fill*         0x0000000008000bf6        0x2 
 .text.SysTick_Config
                0x0000000008000bf8       0x44 ./Drivers/STM32L4xx_HAL_Driver/Src/stm32l4xx_hal_cortex.o
 .text.HAL_NVIC_SetPriorityGrouping
                0x0000000008000c3c       0x16 ./Drivers/STM32L4xx_HAL_Driver/Src/stm32l4xx_hal_cortex.o
                0x0000000008000c3c                HAL_NVIC_SetPriorityGrouping
 .text.HAL_NVIC_SetPriority
                0x0000000008000c52       0x38 ./Drivers/STM32L4xx_HAL_Driver/Src/stm32l4xx_hal_cortex.o
                0x0000000008000c52                HAL_NVIC_SetPriority
 .text.HAL_SYSTICK_Config
                0x0000000008000c8a       0x18 ./Drivers/STM32L4xx_HAL_Driver/Src/stm32l4xx_hal_cortex.o
                0x0000000008000c8a                HAL_SYSTICK_Config
 *fill*         0x0000000008000ca2        0x2 
 .text.HAL_PWREx_GetVoltageRange
                0x0000000008000ca4       0x1c ./Drivers/STM32L4xx_HAL_Driver/Src/stm32l4xx_hal_pwr_ex.o
                0x0000000008000ca4                HAL_PWREx_GetVoltageRange
 .text.HAL_PWREx_ControlVoltageScaling
                0x0000000008000cc0       0xac ./Drivers/STM32L4xx_HAL_Driver/Src/stm32l4xx_hal_pwr_ex.o
                0x0000000008000cc0                HAL_PWREx_ControlVoltageScaling
 .text.HAL_RCC_OscConfig
                0x0000000008000d6c      0x834 ./Drivers/STM32L4xx_HAL_Driver/Src/stm32l4xx_hal_rcc.o
                0x0000000008000d6c                HAL_RCC_OscConfig
 .text.HAL_RCC_ClockConfig
                0x00000000080015a0      0x200 ./Drivers/STM32L4xx_HAL_Driver/Src/stm32l4xx_hal_rcc.o
                0x00000000080015a0                HAL_RCC_ClockConfig
 .text.HAL_RCC_GetSysClockFreq
                0x00000000080017a0      0x118 ./Drivers/STM32L4xx_HAL_Driver/Src/stm32l4xx_hal_rcc.o
                0x00000000080017a0                HAL_RCC_GetSysClockFreq
 .text.RCC_SetFlashLatencyFromMSIRange
                0x00000000080018b8       0xc0 ./Drivers/STM32L4xx_HAL_Driver/Src/stm32l4xx_hal_rcc.o
 .text.memset   0x0000000008001978       0x10 /opt/st/stm32cubeide_1.14.0/plugins/com.st.stm32cube.ide.mcu.externaltools.gnu-tools-for-stm32.11.3.rel1.linux64_1.1.100.202309141235/tools/bin/../lib/gcc/arm-none-eabi/11.3.1/../../../../arm-none-eabi/lib/thumb/v7e-m+fp/hard/libc_nano.a(libc_a-memset.o)
                0x0000000008001978                memset
 .text.__libc_init_array
                0x0000000008001988       0x48 /opt/st/stm32cubeide_1.14.0/plugins/com.st.stm32cube.ide.mcu.externaltools.gnu-tools-for-stm32.11.3.rel1.linux64_1.1.100.202309141235/tools/bin/../lib/gcc/arm-none-eabi/11.3.1/../../../../arm-none-eabi/lib/thumb/v7e-m+fp/hard/libc_nano.a(libc_a-init.o)
                0x0000000008001988                __libc_init_array
 *(.glue_7)
 .glue_7        0x00000000080019d0        0x0 linker stubs
 *(.glue_7t)
 .glue_7t       0x00000000080019d0        0x0 linker stubs
 *(.eh_frame)
 .eh_frame      0x00000000080019d0        0x0 /opt/st/stm32cubeide_1.14.0/plugins/com.st.stm32cube.ide.mcu.externaltools.gnu-tools-for-stm32.11.3.rel1.linux64_1.1.100.202309141235/tools/bin/../lib/gcc/arm-none-eabi/11.3.1/thumb/v7e-m+fp/hard/crtbegin.o
 *(.init)
 .init          0x00000000080019d0        0x4 /opt/st/stm32cubeide_1.14.0/plugins/com.st.stm32cube.ide.mcu.externaltools.gnu-tools-for-stm32.11.3.rel1.linux64_1.1.100.202309141235/tools/bin/../lib/gcc/arm-none-eabi/11.3.1/thumb/v7e-m+fp/hard/crti.o
                0x00000000080019d0                _init
 .init          0x00000000080019d4        0x8 /opt/st/stm32cubeide_1.14.0/plugins/com.st.stm32cube.ide.mcu.externaltools.gnu-tools-for-stm32.11.3.rel1.linux64_1.1.100.202309141235/tools/bin/../lib/gcc/arm-none-eabi/11.3.1/thumb/v7e-m+fp/hard/crtn.o
 *(.fini)
 .fini          0x00000000080019dc        0x4 /opt/st/stm32cubeide_1.14.0/plugins/com.st.stm32cube.ide.mcu.externaltools.gnu-tools-for-stm32.11.3.rel1.linux64_1.1.100.202309141235/tools/bin/../lib/gcc/arm-none-eabi/11.3.1/thumb/v7e-m+fp/hard/crti.o
                0x00000000080019dc                _fini
 .fini          0x00000000080019e0        0x8 /opt/st/stm32cubeide_1.14.0/plugins/com.st.stm32cube.ide.mcu.externaltools.gnu-tools-for-stm32.11.3.rel1.linux64_1.1.100.202309141235/tools/bin/../lib/gcc/arm-none-eabi/11.3.1/thumb/v7e-m+fp/hard/crtn.o
                0x00000000080019e8                . = ALIGN (0x4)
                0x00000000080019e8                _etext = .

.vfp11_veneer   0x00000000080019e8        0x0
 .vfp11_veneer  0x00000000080019e8        0x0 linker stubs

.v4_bx          0x00000000080019e8        0x0
 .v4_bx         0x00000000080019e8        0x0 linker stubs

.iplt           0x00000000080019e8        0x0
 .iplt          0x00000000080019e8        0x0 /opt/st/stm32cubeide_1.14.0/plugins/com.st.stm32cube.ide.mcu.externaltools.gnu-tools-for-stm32.11.3.rel1.linux64_1.1.100.202309141235/tools/bin/../lib/gcc/arm-none-eabi/11.3.1/thumb/v7e-m+fp/hard/crtbegin.o

.rodata         0x00000000080019e8       0x6c
                0x00000000080019e8                . = ALIGN (0x4)
 *(.rodata)
 *(.rodata*)
 .rodata.DIG_LED
                0x00000000080019e8       0x20 ./Core/Src/7SegDisplayDriver.o
 .rodata.DIGITS
                0x0000000008001a08        0xb ./Core/Src/7SegDisplayDriver.o
 *fill*         0x0000000008001a13        0x1 
 .rodata.AHBPrescTable
                0x0000000008001a14       0x10 ./Core/Src/system_stm32l4xx.o
                0x0000000008001a14                AHBPrescTable
 .rodata.MSIRangeTable
                0x0000000008001a24       0x30 ./Core/Src/system_stm32l4xx.o
                0x0000000008001a24                MSIRangeTable
                0x0000000008001a54                . = ALIGN (0x4)

.rel.dyn        0x0000000008001a54        0x0
 .rel.iplt      0x0000000008001a54        0x0 /opt/st/stm32cubeide_1.14.0/plugins/com.st.stm32cube.ide.mcu.externaltools.gnu-tools-for-stm32.11.3.rel1.linux64_1.1.100.202309141235/tools/bin/../lib/gcc/arm-none-eabi/11.3.1/thumb/v7e-m+fp/hard/crtbegin.o

.ARM.extab      0x0000000008001a54        0x0
                0x0000000008001a54                . = ALIGN (0x4)
 *(.ARM.extab* .gnu.linkonce.armextab.*)
                0x0000000008001a54                . = ALIGN (0x4)

.ARM            0x0000000008001a54        0x0
                0x0000000008001a54                . = ALIGN (0x4)
                0x0000000008001a54                __exidx_start = .
 *(.ARM.exidx*)
                0x0000000008001a54                __exidx_end = .
                0x0000000008001a54                . = ALIGN (0x4)

.preinit_array  0x0000000008001a54        0x0
                0x0000000008001a54                . = ALIGN (0x4)
                0x0000000008001a54                PROVIDE (__preinit_array_start = .)
 *(.preinit_array*)
                0x0000000008001a54                PROVIDE (__preinit_array_end = .)
                0x0000000008001a54                . = ALIGN (0x4)

.init_array     0x0000000008001a54        0x4
                0x0000000008001a54                . = ALIGN (0x4)
                0x0000000008001a54                PROVIDE (__init_array_start = .)
 *(SORT_BY_NAME(.init_array.*))
 *(.init_array*)
 .init_array    0x0000000008001a54        0x4 /opt/st/stm32cubeide_1.14.0/plugins/com.st.stm32cube.ide.mcu.externaltools.gnu-tools-for-stm32.11.3.rel1.linux64_1.1.100.202309141235/tools/bin/../lib/gcc/arm-none-eabi/11.3.1/thumb/v7e-m+fp/hard/crtbegin.o
                0x0000000008001a58                PROVIDE (__init_array_end = .)
                0x0000000008001a58                . = ALIGN (0x4)

.fini_array     0x0000000008001a58        0x4
                0x0000000008001a58                . = ALIGN (0x4)
                [!provide]                        PROVIDE (__fini_array_start = .)
 *(SORT_BY_NAME(.fini_array.*))
 *(.fini_array*)
 .fini_array    0x0000000008001a58        0x4 /opt/st/stm32cubeide_1.14.0/plugins/com.st.stm32cube.ide.mcu.externaltools.gnu-tools-for-stm32.11.3.rel1.linux64_1.1.100.202309141235/tools/bin/../lib/gcc/arm-none-eabi/11.3.1/thumb/v7e-m+fp/hard/crtbegin.o
                [!provide]                        PROVIDE (__fini_array_end = .)
                0x0000000008001a5c                . = ALIGN (0x4)
                0x0000000008001a5c                _sidata = LOADADDR (.data)

.data           0x0000000020000000        0xc load address 0x0000000008001a5c
                0x0000000020000000                . = ALIGN (0x4)
                0x0000000020000000                _sdata = .
 *(.data)
 *(.data*)
 .data.SystemCoreClock
                0x0000000020000000        0x4 ./Core/Src/system_stm32l4xx.o
                0x0000000020000000                SystemCoreClock
 .data.uwTickPrio
                0x0000000020000004        0x4 ./Drivers/STM32L4xx_HAL_Driver/Src/stm32l4xx_hal.o
                0x0000000020000004                uwTickPrio
 .data.uwTickFreq
                0x0000000020000008        0x1 ./Drivers/STM32L4xx_HAL_Driver/Src/stm32l4xx_hal.o
                0x0000000020000008                uwTickFreq
 *(.RamFunc)
 *(.RamFunc*)
                0x000000002000000c                . = ALIGN (0x4)
 *fill*         0x0000000020000009        0x3 
                0x000000002000000c                _edata = .

.igot.plt       0x000000002000000c        0x0 load address 0x0000000008001a68
 .igot.plt      0x000000002000000c        0x0 /opt/st/stm32cubeide_1.14.0/plugins/com.st.stm32cube.ide.mcu.externaltools.gnu-tools-for-stm32.11.3.rel1.linux64_1.1.100.202309141235/tools/bin/../lib/gcc/arm-none-eabi/11.3.1/thumb/v7e-m+fp/hard/crtbegin.o
                0x000000002000000c                . = ALIGN (0x4)

.bss            0x000000002000000c       0x20 load address 0x0000000008001a68
                0x000000002000000c                _sbss = .
                0x000000002000000c                __bss_start__ = _sbss
 *(.bss)
 .bss           0x000000002000000c       0x1c /opt/st/stm32cubeide_1.14.0/plugins/com.st.stm32cube.ide.mcu.externaltools.gnu-tools-for-stm32.11.3.rel1.linux64_1.1.100.202309141235/tools/bin/../lib/gcc/arm-none-eabi/11.3.1/thumb/v7e-m+fp/hard/crtbegin.o
 *(.bss*)
 .bss.uwTick    0x0000000020000028        0x4 ./Drivers/STM32L4xx_HAL_Driver/Src/stm32l4xx_hal.o
                0x0000000020000028                uwTick
 *(COMMON)
                0x000000002000002c                . = ALIGN (0x4)
                0x000000002000002c                _ebss = .
                0x000000002000002c                __bss_end__ = _ebss

._user_heap_stack
                0x000000002000002c      0x604 load address 0x0000000008001a68
                0x0000000020000030                . = ALIGN (0x8)
 *fill*         0x000000002000002c        0x4 
                [!provide]                        PROVIDE (end = .)
                0x0000000020000030                PROVIDE (_end = .)
                0x0000000020000230                . = (. + _Min_Heap_Size)
 *fill*         0x0000000020000030      0x200 
                0x0000000020000630                . = (. + _Min_Stack_Size)
 *fill*         0x0000000020000230      0x400 
                0x0000000020000630                . = ALIGN (0x8)

/DISCARD/
 libc.a(*)
 libm.a(*)
 libgcc.a(*)

.ARM.attributes
                0x0000000000000000       0x30
 *(.ARM.attributes)
 .ARM.attributes
                0x0000000000000000       0x1e /opt/st/stm32cubeide_1.14.0/plugins/com.st.stm32cube.ide.mcu.externaltools.gnu-tools-for-stm32.11.3.rel1.linux64_1.1.100.202309141235/tools/bin/../lib/gcc/arm-none-eabi/11.3.1/thumb/v7e-m+fp/hard/crti.o
 .ARM.attributes
                0x000000000000001e       0x34 /opt/st/stm32cubeide_1.14.0/plugins/com.st.stm32cube.ide.mcu.externaltools.gnu-tools-for-stm32.11.3.rel1.linux64_1.1.100.202309141235/tools/bin/../lib/gcc/arm-none-eabi/11.3.1/thumb/v7e-m+fp/hard/crtbegin.o
 .ARM.attributes
                0x0000000000000052       0x34 ./Core/Src/7SegDisplayDriver.o
 .ARM.attributes
                0x0000000000000086       0x34 ./Core/Src/JoystickDriver.o
 .ARM.attributes
                0x00000000000000ba       0x34 ./Core/Src/hulk.o
 .ARM.attributes
                0x00000000000000ee       0x34 ./Core/Src/main.o
 .ARM.attributes
                0x0000000000000122       0x34 ./Core/Src/stm32l4xx_hal_msp.o
 .ARM.attributes
                0x0000000000000156       0x34 ./Core/Src/stm32l4xx_it.o
 .ARM.attributes
                0x000000000000018a       0x34 ./Core/Src/system_stm32l4xx.o
 .ARM.attributes
                0x00000000000001be       0x34 ./Core/Src/utils.o
 .ARM.attributes
                0x00000000000001f2       0x21 ./Core/Startup/startup_stm32l496zgtx.o
 .ARM.attributes
                0x0000000000000213       0x34 ./Drivers/STM32L4xx_HAL_Driver/Src/stm32l4xx_hal.o
 .ARM.attributes
                0x0000000000000247       0x34 ./Drivers/STM32L4xx_HAL_Driver/Src/stm32l4xx_hal_cortex.o
 .ARM.attributes
                0x000000000000027b       0x34 ./Drivers/STM32L4xx_HAL_Driver/Src/stm32l4xx_hal_pwr_ex.o
 .ARM.attributes
                0x00000000000002af       0x34 ./Drivers/STM32L4xx_HAL_Driver/Src/stm32l4xx_hal_rcc.o
 .ARM.attributes
                0x00000000000002e3       0x34 /opt/st/stm32cubeide_1.14.0/plugins/com.st.stm32cube.ide.mcu.externaltools.gnu-tools-for-stm32.11.3.rel1.linux64_1.1.100.202309141235/tools/bin/../lib/gcc/arm-none-eabi/11.3.1/../../../../arm-none-eabi/lib/thumb/v7e-m+fp/hard/libc_nano.a(libc_a-memset.o)
 .ARM.attributes
                0x0000000000000317       0x34 /opt/st/stm32cubeide_1.14.0/plugins/com.st.stm32cube.ide.mcu.externaltools.gnu-tools-for-stm32.11.3.rel1.linux64_1.1.100.202309141235/tools/bin/../lib/gcc/arm-none-eabi/11.3.1/../../../../arm-none-eabi/lib/thumb/v7e-m+fp/hard/libc_nano.a(libc_a-init.o)
 .ARM.attributes
                0x000000000000034b       0x1e /opt/st/stm32cubeide_1.14.0/plugins/com.st.stm32cube.ide.mcu.externaltools.gnu-tools-for-stm32.11.3.rel1.linux64_1.1.100.202309141235/tools/bin/../lib/gcc/arm-none-eabi/11.3.1/thumb/v7e-m+fp/hard/crtn.o
OUTPUT(Project_Test.elf elf32-littlearm)
LOAD linker stubs
LOAD /opt/st/stm32cubeide_1.14.0/plugins/com.st.stm32cube.ide.mcu.externaltools.gnu-tools-for-stm32.11.3.rel1.linux64_1.1.100.202309141235/tools/bin/../lib/gcc/arm-none-eabi/11.3.1/../../../../arm-none-eabi/lib/thumb/v7e-m+fp/hard/libc.a
LOAD /opt/st/stm32cubeide_1.14.0/plugins/com.st.stm32cube.ide.mcu.externaltools.gnu-tools-for-stm32.11.3.rel1.linux64_1.1.100.202309141235/tools/bin/../lib/gcc/arm-none-eabi/11.3.1/../../../../arm-none-eabi/lib/thumb/v7e-m+fp/hard/libm.a
LOAD /opt/st/stm32cubeide_1.14.0/plugins/com.st.stm32cube.ide.mcu.externaltools.gnu-tools-for-stm32.11.3.rel1.linux64_1.1.100.202309141235/tools/bin/../lib/gcc/arm-none-eabi/11.3.1/thumb/v7e-m+fp/hard/libgcc.a

.comment        0x0000000000000000       0x43
 .comment       0x0000000000000000       0x43 /opt/st/stm32cubeide_1.14.0/plugins/com.st.stm32cube.ide.mcu.externaltools.gnu-tools-for-stm32.11.3.rel1.linux64_1.1.100.202309141235/tools/bin/../lib/gcc/arm-none-eabi/11.3.1/thumb/v7e-m+fp/hard/crtbegin.o
                                         0x44 (size before relaxing)
 .comment       0x0000000000000043       0x44 ./Core/Src/7SegDisplayDriver.o
 .comment       0x0000000000000043       0x44 ./Core/Src/JoystickDriver.o
 .comment       0x0000000000000043       0x44 ./Core/Src/hulk.o
 .comment       0x0000000000000043       0x44 ./Core/Src/main.o
 .comment       0x0000000000000043       0x44 ./Core/Src/stm32l4xx_hal_msp.o
 .comment       0x0000000000000043       0x44 ./Core/Src/stm32l4xx_it.o
 .comment       0x0000000000000043       0x44 ./Core/Src/system_stm32l4xx.o
 .comment       0x0000000000000043       0x44 ./Core/Src/utils.o
 .comment       0x0000000000000043       0x44 ./Drivers/STM32L4xx_HAL_Driver/Src/stm32l4xx_hal.o
 .comment       0x0000000000000043       0x44 ./Drivers/STM32L4xx_HAL_Driver/Src/stm32l4xx_hal_cortex.o
 .comment       0x0000000000000043       0x44 ./Drivers/STM32L4xx_HAL_Driver/Src/stm32l4xx_hal_pwr_ex.o
 .comment       0x0000000000000043       0x44 ./Drivers/STM32L4xx_HAL_Driver/Src/stm32l4xx_hal_rcc.o

.debug_info     0x0000000000000000     0x4e74
 .debug_info    0x0000000000000000      0x451 ./Core/Src/7SegDisplayDriver.o
 .debug_info    0x0000000000000451      0x371 ./Core/Src/JoystickDriver.o
 .debug_info    0x00000000000007c2      0x562 ./Core/Src/hulk.o
 .debug_info    0x0000000000000d24      0x628 ./Core/Src/main.o
 .debug_info    0x000000000000134c      0x2d1 ./Core/Src/stm32l4xx_hal_msp.o
 .debug_info    0x000000000000161d      0x113 ./Core/Src/stm32l4xx_it.o
 .debug_info    0x0000000000001730      0x5cd ./Core/Src/system_stm32l4xx.o
 .debug_info    0x0000000000001cfd      0x2b6 ./Core/Src/utils.o
 .debug_info    0x0000000000001fb3       0x23 ./Core/Startup/startup_stm32l496zgtx.o
 .debug_info    0x0000000000001fd6      0xb4b ./Drivers/STM32L4xx_HAL_Driver/Src/stm32l4xx_hal.o
 .debug_info    0x0000000000002b21      0xd82 ./Drivers/STM32L4xx_HAL_Driver/Src/stm32l4xx_hal_cortex.o
 .debug_info    0x00000000000038a3      0x996 ./Drivers/STM32L4xx_HAL_Driver/Src/stm32l4xx_hal_pwr_ex.o
 .debug_info    0x0000000000004239      0xc3b ./Drivers/STM32L4xx_HAL_Driver/Src/stm32l4xx_hal_rcc.o

.debug_abbrev   0x0000000000000000     0x136b
 .debug_abbrev  0x0000000000000000      0x172 ./Core/Src/7SegDisplayDriver.o
 .debug_abbrev  0x0000000000000172      0x12f ./Core/Src/JoystickDriver.o
 .debug_abbrev  0x00000000000002a1      0x17a ./Core/Src/hulk.o
 .debug_abbrev  0x000000000000041b      0x1b7 ./Core/Src/main.o
 .debug_abbrev  0x00000000000005d2       0xc6 ./Core/Src/stm32l4xx_hal_msp.o
 .debug_abbrev  0x0000000000000698       0x73 ./Core/Src/stm32l4xx_it.o
 .debug_abbrev  0x000000000000070b      0x11a ./Core/Src/system_stm32l4xx.o
 .debug_abbrev  0x0000000000000825      0x107 ./Core/Src/utils.o
 .debug_abbrev  0x000000000000092c       0x12 ./Core/Startup/startup_stm32l496zgtx.o
 .debug_abbrev  0x000000000000093e      0x242 ./Drivers/STM32L4xx_HAL_Driver/Src/stm32l4xx_hal.o
 .debug_abbrev  0x0000000000000b80      0x327 ./Drivers/STM32L4xx_HAL_Driver/Src/stm32l4xx_hal_cortex.o
 .debug_abbrev  0x0000000000000ea7      0x1f9 ./Drivers/STM32L4xx_HAL_Driver/Src/stm32l4xx_hal_pwr_ex.o
 .debug_abbrev  0x00000000000010a0      0x2cb ./Drivers/STM32L4xx_HAL_Driver/Src/stm32l4xx_hal_rcc.o

.debug_aranges  0x0000000000000000      0x638
 .debug_aranges
                0x0000000000000000       0x38 ./Core/Src/7SegDisplayDriver.o
 .debug_aranges
                0x0000000000000038       0x28 ./Core/Src/JoystickDriver.o
 .debug_aranges
                0x0000000000000060       0x78 ./Core/Src/hulk.o
 .debug_aranges
                0x00000000000000d8       0x38 ./Core/Src/main.o
 .debug_aranges
                0x0000000000000110       0x20 ./Core/Src/stm32l4xx_hal_msp.o
 .debug_aranges
                0x0000000000000130       0x60 ./Core/Src/stm32l4xx_it.o
 .debug_aranges
                0x0000000000000190       0x28 ./Core/Src/system_stm32l4xx.o
 .debug_aranges
                0x00000000000001b8       0x30 ./Core/Src/utils.o
 .debug_aranges
                0x00000000000001e8       0x28 ./Core/Startup/startup_stm32l496zgtx.o
 .debug_aranges
                0x0000000000000210      0x130 ./Drivers/STM32L4xx_HAL_Driver/Src/stm32l4xx_hal.o
 .debug_aranges
                0x0000000000000340      0x118 ./Drivers/STM32L4xx_HAL_Driver/Src/stm32l4xx_hal_cortex.o
 .debug_aranges
                0x0000000000000458      0x150 ./Drivers/STM32L4xx_HAL_Driver/Src/stm32l4xx_hal_pwr_ex.o
 .debug_aranges
                0x00000000000005a8       0x90 ./Drivers/STM32L4xx_HAL_Driver/Src/stm32l4xx_hal_rcc.o

.debug_rnglists
                0x0000000000000000      0x47d
 .debug_rnglists
                0x0000000000000000       0x27 ./Core/Src/7SegDisplayDriver.o
 .debug_rnglists
                0x0000000000000027       0x19 ./Core/Src/JoystickDriver.o
 .debug_rnglists
                0x0000000000000040       0x57 ./Core/Src/hulk.o
 .debug_rnglists
                0x0000000000000097       0x27 ./Core/Src/main.o
 .debug_rnglists
                0x00000000000000be       0x13 ./Core/Src/stm32l4xx_hal_msp.o
 .debug_rnglists
                0x00000000000000d1       0x43 ./Core/Src/stm32l4xx_it.o
 .debug_rnglists
                0x0000000000000114       0x1a ./Core/Src/system_stm32l4xx.o
 .debug_rnglists
                0x000000000000012e       0x1f ./Core/Src/utils.o
 .debug_rnglists
                0x000000000000014d       0x19 ./Core/Startup/startup_stm32l496zgtx.o
 .debug_rnglists
                0x0000000000000166       0xdf ./Drivers/STM32L4xx_HAL_Driver/Src/stm32l4xx_hal.o
 .debug_rnglists
                0x0000000000000245       0xce ./Drivers/STM32L4xx_HAL_Driver/Src/stm32l4xx_hal_cortex.o
 .debug_rnglists
                0x0000000000000313       0xfd ./Drivers/STM32L4xx_HAL_Driver/Src/stm32l4xx_hal_pwr_ex.o
 .debug_rnglists
                0x0000000000000410       0x6d ./Drivers/STM32L4xx_HAL_Driver/Src/stm32l4xx_hal_rcc.o

.debug_macro    0x0000000000000000    0x27b60
 .debug_macro   0x0000000000000000      0x1c0 ./Core/Src/7SegDisplayDriver.o
 .debug_macro   0x00000000000001c0      0xaa8 ./Core/Src/7SegDisplayDriver.o
 .debug_macro   0x0000000000000c68       0x22 ./Core/Src/7SegDisplayDriver.o
 .debug_macro   0x0000000000000c8a       0x8e ./Core/Src/7SegDisplayDriver.o
 .debug_macro   0x0000000000000d18       0x51 ./Core/Src/7SegDisplayDriver.o
 .debug_macro   0x0000000000000d69      0x103 ./Core/Src/7SegDisplayDriver.o
 .debug_macro   0x0000000000000e6c       0x6a ./Core/Src/7SegDisplayDriver.o
 .debug_macro   0x0000000000000ed6      0x1df ./Core/Src/7SegDisplayDriver.o
 .debug_macro   0x00000000000010b5      0x19b ./Core/Src/7SegDisplayDriver.o
 .debug_macro   0x0000000000001250       0x2e ./Core/Src/7SegDisplayDriver.o
 .debug_macro   0x000000000000127e       0x28 ./Core/Src/7SegDisplayDriver.o
 .debug_macro   0x00000000000012a6       0x1c ./Core/Src/7SegDisplayDriver.o
 .debug_macro   0x00000000000012c2       0x22 ./Core/Src/7SegDisplayDriver.o
 .debug_macro   0x00000000000012e4       0xfb ./Core/Src/7SegDisplayDriver.o
 .debug_macro   0x00000000000013df     0x1011 ./Core/Src/7SegDisplayDriver.o
 .debug_macro   0x00000000000023f0      0x11f ./Core/Src/7SegDisplayDriver.o
 .debug_macro   0x000000000000250f    0x1c1e2 ./Core/Src/7SegDisplayDriver.o
 .debug_macro   0x000000000001e6f1       0x6d ./Core/Src/7SegDisplayDriver.o
 .debug_macro   0x000000000001e75e     0x38e6 ./Core/Src/7SegDisplayDriver.o
 .debug_macro   0x0000000000022044      0x174 ./Core/Src/7SegDisplayDriver.o
 .debug_macro   0x00000000000221b8       0x5c ./Core/Src/7SegDisplayDriver.o
 .debug_macro   0x0000000000022214     0x187d ./Core/Src/7SegDisplayDriver.o
 .debug_macro   0x0000000000023a91      0x773 ./Core/Src/7SegDisplayDriver.o
 .debug_macro   0x0000000000024204      0x1b9 ./Core/Src/7SegDisplayDriver.o
 .debug_macro   0x00000000000243bd      0x202 ./Core/Src/7SegDisplayDriver.o
 .debug_macro   0x00000000000245bf      0x26b ./Core/Src/7SegDisplayDriver.o
 .debug_macro   0x000000000002482a      0x23d ./Core/Src/7SegDisplayDriver.o
 .debug_macro   0x0000000000024a67      0x241 ./Core/Src/7SegDisplayDriver.o
 .debug_macro   0x0000000000024ca8      0x3ad ./Core/Src/7SegDisplayDriver.o
 .debug_macro   0x0000000000025055       0xe4 ./Core/Src/7SegDisplayDriver.o
 .debug_macro   0x0000000000025139      0x122 ./Core/Src/7SegDisplayDriver.o
 .debug_macro   0x000000000002525b      0x3ef ./Core/Src/7SegDisplayDriver.o
 .debug_macro   0x000000000002564a      0x433 ./Core/Src/7SegDisplayDriver.o
 .debug_macro   0x0000000000025a7d      0x17e ./Core/Src/7SegDisplayDriver.o
 .debug_macro   0x0000000000025bfb       0xa0 ./Core/Src/7SegDisplayDriver.o
 .debug_macro   0x0000000000025c9b      0x1c0 ./Core/Src/JoystickDriver.o
 .debug_macro   0x0000000000025e5b       0x46 ./Core/Src/JoystickDriver.o
 .debug_macro   0x0000000000025ea1      0x1a7 ./Core/Src/hulk.o
 .debug_macro   0x0000000000026048      0x2d2 ./Core/Src/main.o
 .debug_macro   0x000000000002631a       0xa6 ./Core/Src/main.o
 .debug_macro   0x00000000000263c0       0x4c ./Core/Src/main.o
 .debug_macro   0x000000000002640c       0x22 ./Core/Src/main.o
 .debug_macro   0x000000000002642e       0x61 ./Core/Src/main.o
 .debug_macro   0x000000000002648f       0x2a ./Core/Src/main.o
 .debug_macro   0x00000000000264b9       0x43 ./Core/Src/main.o
 .debug_macro   0x00000000000264fc       0x34 ./Core/Src/main.o
 .debug_macro   0x0000000000026530       0x16 ./Core/Src/main.o
 .debug_macro   0x0000000000026546       0x35 ./Core/Src/main.o
 .debug_macro   0x000000000002657b      0x369 ./Core/Src/main.o
 .debug_macro   0x00000000000268e4       0x10 ./Core/Src/main.o
 .debug_macro   0x00000000000268f4       0x16 ./Core/Src/main.o
 .debug_macro   0x000000000002690a       0x43 ./Core/Src/main.o
 .debug_macro   0x000000000002694d       0x34 ./Core/Src/main.o
 .debug_macro   0x0000000000026981       0x10 ./Core/Src/main.o
 .debug_macro   0x0000000000026991       0x58 ./Core/Src/main.o
 .debug_macro   0x00000000000269e9       0x8e ./Core/Src/main.o
 .debug_macro   0x0000000000026a77       0x1c ./Core/Src/main.o
 .debug_macro   0x0000000000026a93      0x177 ./Core/Src/main.o
 .debug_macro   0x0000000000026c0a       0x16 ./Core/Src/main.o
 .debug_macro   0x0000000000026c20       0x16 ./Core/Src/main.o
 .debug_macro   0x0000000000026c36      0x147 ./Core/Src/main.o
 .debug_macro   0x0000000000026d7d      0x1bb ./Core/Src/stm32l4xx_hal_msp.o
 .debug_macro   0x0000000000026f38      0x1c5 ./Core/Src/stm32l4xx_it.o
 .debug_macro   0x00000000000270fd      0x198 ./Core/Src/system_stm32l4xx.o
 .debug_macro   0x0000000000027295      0x1b1 ./Core/Src/utils.o
 .debug_macro   0x0000000000027446      0x1e6 ./Drivers/STM32L4xx_HAL_Driver/Src/stm32l4xx_hal.o
 .debug_macro   0x000000000002762c      0x198 ./Drivers/STM32L4xx_HAL_Driver/Src/stm32l4xx_hal_cortex.o
 .debug_macro   0x00000000000277c4      0x1c2 ./Drivers/STM32L4xx_HAL_Driver/Src/stm32l4xx_hal_pwr_ex.o
 .debug_macro   0x0000000000027986      0x1da ./Drivers/STM32L4xx_HAL_Driver/Src/stm32l4xx_hal_rcc.o

.debug_line     0x0000000000000000     0x6a5b
 .debug_line    0x0000000000000000      0x6ff ./Core/Src/7SegDisplayDriver.o
 .debug_line    0x00000000000006ff      0x6a1 ./Core/Src/JoystickDriver.o
 .debug_line    0x0000000000000da0      0x8a5 ./Core/Src/hulk.o
 .debug_line    0x0000000000001645      0x860 ./Core/Src/main.o
 .debug_line    0x0000000000001ea5      0x646 ./Core/Src/stm32l4xx_hal_msp.o
 .debug_line    0x00000000000024eb      0x708 ./Core/Src/stm32l4xx_it.o
 .debug_line    0x0000000000002bf3      0x6c8 ./Core/Src/system_stm32l4xx.o
 .debug_line    0x00000000000032bb      0x66e ./Core/Src/utils.o
 .debug_line    0x0000000000003929       0x7a ./Core/Startup/startup_stm32l496zgtx.o
 .debug_line    0x00000000000039a3      0xa20 ./Drivers/STM32L4xx_HAL_Driver/Src/stm32l4xx_hal.o
 .debug_line    0x00000000000043c3      0xbc7 ./Drivers/STM32L4xx_HAL_Driver/Src/stm32l4xx_hal_cortex.o
 .debug_line    0x0000000000004f8a      0xbf2 ./Drivers/STM32L4xx_HAL_Driver/Src/stm32l4xx_hal_pwr_ex.o
 .debug_line    0x0000000000005b7c      0xedf ./Drivers/STM32L4xx_HAL_Driver/Src/stm32l4xx_hal_rcc.o

.debug_str      0x0000000000000000    0xf0546
 .debug_str     0x0000000000000000    0xead60 ./Core/Src/7SegDisplayDriver.o
                                      0xeb025 (size before relaxing)
 .debug_str     0x00000000000ead60      0x1d1 ./Core/Src/JoystickDriver.o
                                      0xeaeae (size before relaxing)
 .debug_str     0x00000000000eaf31      0x108 ./Core/Src/hulk.o
                                      0xeadfb (size before relaxing)
 .debug_str     0x00000000000eb039     0x3a2d ./Core/Src/main.o
                                      0xeeaeb (size before relaxing)
 .debug_str     0x00000000000eea66      0x15c ./Core/Src/stm32l4xx_hal_msp.o
                                      0xead95 (size before relaxing)
 .debug_str     0x00000000000eebc2       0xc9 ./Core/Src/stm32l4xx_it.o
                                      0xeacc1 (size before relaxing)
 .debug_str     0x00000000000eec8b       0xf2 ./Core/Src/system_stm32l4xx.o
                                      0xea862 (size before relaxing)
 .debug_str     0x00000000000eed7d       0x21 ./Core/Src/utils.o
                                      0xeacf5 (size before relaxing)
 .debug_str     0x00000000000eed9e       0x34 ./Core/Startup/startup_stm32l496zgtx.o
                                         0x74 (size before relaxing)
 .debug_str     0x00000000000eedd2      0xb11 ./Drivers/STM32L4xx_HAL_Driver/Src/stm32l4xx_hal.o
                                      0xeb46a (size before relaxing)
 .debug_str     0x00000000000ef8e3      0x350 ./Drivers/STM32L4xx_HAL_Driver/Src/stm32l4xx_hal_cortex.o
                                      0xeb10b (size before relaxing)
 .debug_str     0x00000000000efc33      0x52b ./Drivers/STM32L4xx_HAL_Driver/Src/stm32l4xx_hal_pwr_ex.o
                                      0xeadb1 (size before relaxing)
 .debug_str     0x00000000000f015e      0x3e8 ./Drivers/STM32L4xx_HAL_Driver/Src/stm32l4xx_hal_rcc.o
                                      0xeaeaf (size before relaxing)

.debug_frame    0x0000000000000000     0x163c
 .debug_frame   0x0000000000000000       0x98 ./Core/Src/7SegDisplayDriver.o
 .debug_frame   0x0000000000000098       0x50 ./Core/Src/JoystickDriver.o
 .debug_frame   0x00000000000000e8      0x1d8 ./Core/Src/hulk.o
 .debug_frame   0x00000000000002c0       0x90 ./Core/Src/main.o
 .debug_frame   0x0000000000000350       0x38 ./Core/Src/stm32l4xx_hal_msp.o
 .debug_frame   0x0000000000000388      0x104 ./Core/Src/stm32l4xx_it.o
 .debug_frame   0x000000000000048c       0x58 ./Core/Src/system_stm32l4xx.o
 .debug_frame   0x00000000000004e4       0x7c ./Core/Src/utils.o
 .debug_frame   0x0000000000000560      0x498 ./Drivers/STM32L4xx_HAL_Driver/Src/stm32l4xx_hal.o
 .debug_frame   0x00000000000009f8      0x498 ./Drivers/STM32L4xx_HAL_Driver/Src/stm32l4xx_hal_cortex.o
 .debug_frame   0x0000000000000e90      0x544 ./Drivers/STM32L4xx_HAL_Driver/Src/stm32l4xx_hal_pwr_ex.o
 .debug_frame   0x00000000000013d4      0x21c ./Drivers/STM32L4xx_HAL_Driver/Src/stm32l4xx_hal_rcc.o
 .debug_frame   0x00000000000015f0       0x20 /opt/st/stm32cubeide_1.14.0/plugins/com.st.stm32cube.ide.mcu.externaltools.gnu-tools-for-stm32.11.3.rel1.linux64_1.1.100.202309141235/tools/bin/../lib/gcc/arm-none-eabi/11.3.1/../../../../arm-none-eabi/lib/thumb/v7e-m+fp/hard/libc_nano.a(libc_a-memset.o)
 .debug_frame   0x0000000000001610       0x2c /opt/st/stm32cubeide_1.14.0/plugins/com.st.stm32cube.ide.mcu.externaltools.gnu-tools-for-stm32.11.3.rel1.linux64_1.1.100.202309141235/tools/bin/../lib/gcc/arm-none-eabi/11.3.1/../../../../arm-none-eabi/lib/thumb/v7e-m+fp/hard/libc_nano.a(libc_a-init.o)

.debug_line_str
                0x0000000000000000       0x68
 .debug_line_str
                0x0000000000000000       0x68 ./Core/Startup/startup_stm32l496zgtx.o
                                         0x80 (size before relaxing)
